[INFO] Scanning for projects...
[INFO] 
[INFO] ---------------------< com.payroll:payroll-system >---------------------
[INFO] Building Employee Payroll System 1.0.0
[INFO]   from pom.xml
[INFO] --------------------------------[ jar ]---------------------------------
[INFO] 
[INFO] --- resources:3.3.1:resources (default-resources) @ payroll-system ---
[INFO] Copying 1 resource from src\main\resources to target\classes
[INFO] Copying 0 resource from src\main\resources to target\classes
[INFO] 
[INFO] --- compiler:3.11.0:compile (default-compile) @ payroll-system ---
[INFO] Changes detected - recompiling the module! :source
[INFO] Compiling 34 source files with javac [debug release 17] to target\classes
[INFO] Some messages have been simplified; recompile with -Xdiags:verbose to get full output
[INFO] -------------------------------------------------------------
[ERROR] COMPILATION ERROR : 
[INFO] -------------------------------------------------------------
[ERROR] /C:/Users/linge/OneDrive/Desktop/payroll-system/backend/src/main/java/com/payroll/config/DataInitializer.java:[58,27] incompatible types: java.lang.String cannot be converted to com.payroll.entity.User.Role
[ERROR] /C:/Users/linge/OneDrive/Desktop/payroll-system/backend/src/main/java/com/payroll/config/DataInitializer.java:[70,23] incompatible types: java.lang.String cannot be converted to com.payroll.entity.User
[INFO] 2 errors 
[INFO] -------------------------------------------------------------
[INFO] ------------------------------------------------------------------------
[INFO] BUILD FAILURE
[INFO] ------------------------------------------------------------------------
[INFO] Total time:  9.153 s
[INFO] Finished at: 2026-03-11T14:42:26+05:30
[INFO] ------------------------------------------------------------------------
[ERROR] Failed to execute goal org.apache.maven.plugins:maven-compiler-plugin:3.11.0:compile (default-compile) on project payroll-system: Compilation failure: Compilation failure: 
[ERROR] /C:/Users/linge/OneDrive/Desktop/payroll-system/backend/src/main/java/com/payroll/config/DataInitializer.java:[58,27] incompatible types: java.lang.String cannot be converted to com.payroll.entity.User.Role
[ERROR] /C:/Users/linge/OneDrive/Desktop/payroll-system/backend/src/main/java/com/payroll/config/DataInitializer.java:[70,23] incompatible types: java.lang.String cannot be converted to com.payroll.entity.User
[ERROR] -> [Help 1]
[ERROR] 
[ERROR] To see the full stack trace of the errors, re-run Maven with the -e switch.
[ERROR] Re-run Maven using the -X switch to enable full debug logging.
[ERROR] 
[ERROR] For more information about the errors and possible solutions, please read the following articles:
[ERROR] [Help 1] http://cwiki.apache.org/confluence/display/MAVEN/MojoFailureException
